19:37:02.583 [main] INFO  n.e.journalApp.JournalApplication - Starting JournalApplication using Java 17.0.18 on pratik with PID 8716 (C:\Users\prati\IdeaProjects\lambokEG\target\classes started by prati in C:\Users\prati\IdeaProjects\lambokEG)
19:37:02.586 [main] DEBUG n.e.journalApp.JournalApplication - Running with Spring Boot v2.7.16, Spring v5.3.30
19:37:02.592 [main] INFO  n.e.journalApp.JournalApplication - The following 1 profile is active: "prod"
19:37:03.391 [main] INFO  o.s.d.r.c.RepositoryConfigurationDelegate - Bootstrapping Spring Data MongoDB repositories in DEFAULT mode.
19:37:03.461 [main] INFO  o.s.d.r.c.RepositoryConfigurationDelegate - Finished Spring Data repository scanning in 63 ms. Found 2 MongoDB repository interfaces.
19:37:04.167 [main] INFO  o.s.b.w.e.tomcat.TomcatWebServer - Tomcat initialized with port(s): 8080 (http)
19:37:04.177 [main] INFO  o.a.coyote.http11.Http11NioProtocol - Initializing ProtocolHandler ["http-nio-8080"]
19:37:04.180 [main] INFO  o.a.catalina.core.StandardService - Starting service [Tomcat]
19:37:04.181 [main] INFO  o.a.catalina.core.StandardEngine - Starting Servlet engine: [Apache Tomcat/9.0.80]
19:37:04.316 [main] INFO  o.a.c.c.C.[.[localhost].[/journal] - Initializing Spring embedded WebApplicationContext
19:37:04.316 [main] INFO  o.s.b.w.s.c.ServletWebServerApplicationContext - Root WebApplicationContext: initialization completed in 1658 ms
19:37:04.755 [main] INFO  org.mongodb.driver.client - MongoClient with metadata {"driver": {"name": "mongo-java-driver|sync|spring-boot", "version": "4.6.1"}, "os": {"type": "Windows", "name": "Windows 11", "architecture": "amd64", "version": "10.0"}, "platform": "Java/Microsoft/17.0.18+8-LTS", "application": {"name": "Cluster0"}} created with settings MongoClientSettings{readPreference=primary, writeConcern=WriteConcern{w=null, wTimeout=null ms, journal=null}, retryWrites=true, retryReads=true, readConcern=ReadConcern{level=null}, credential=MongoCredential{mechanism=null, userName='pratikkawadwale2', source='admin', password=<hidden>, mechanismProperties=<hidden>}, streamFactoryFactory=null, commandListeners=[], codecRegistry=ProvidersCodecRegistry{codecProviders=[ValueCodecProvider{}, BsonValueCodecProvider{}, DBRefCodecProvider{}, DBObjectCodecProvider{}, DocumentCodecProvider{}, IterableCodecProvider{}, MapCodecProvider{}, GeoJsonCodecProvider{}, GridFSFileCodecProvider{}, Jsr310CodecProvider{}, JsonObjectCodecProvider{}, BsonCodecProvider{}, EnumCodecProvider{}, com.mongodb.Jep395RecordCodecProvider@91f565d]}, clusterSettings={hosts=[127.0.0.1:27017], srvHost=cluster0.wb3bzdp.mongodb.net, srvServiceName=mongodb, mode=MULTIPLE, requiredClusterType=REPLICA_SET, requiredReplicaSetName='atlas-13epz3-shard-0', serverSelector='null', clusterListeners='[]', serverSelectionTimeout='30000 ms', localThreshold='30000 ms'}, socketSettings=SocketSettings{connectTimeoutMS=10000, readTimeoutMS=0, receiveBufferSize=0, sendBufferSize=0}, heartbeatSocketSettings=SocketSettings{connectTimeoutMS=10000, readTimeoutMS=10000, receiveBufferSize=0, sendBufferSize=0}, connectionPoolSettings=ConnectionPoolSettings{maxSize=100, minSize=0, maxWaitTimeMS=120000, maxConnectionLifeTimeMS=0, maxConnectionIdleTimeMS=0, maintenanceInitialDelayMS=0, maintenanceFrequencyMS=60000, connectionPoolListeners=[], maxConnecting=2}, serverSettings=ServerSettings{heartbeatFrequencyMS=10000, minHeartbeatFrequencyMS=500, serverListeners='[]', serverMonitorListeners='[]'}, sslSettings=SslSettings{enabled=true, invalidHostNameAllowed=false, context=null}, applicationName='Cluster0', compressorList=[], uuidRepresentation=JAVA_LEGACY, serverApi=null, autoEncryptionSettings=null, contextProvider=null}
19:37:04.916 [cluster-ClusterId{value='6a0dc008c09df507fd36f574', description='null'}-srv-cluster0.wb3bzdp.mongodb.net] INFO  org.mongodb.driver.cluster - Adding discovered server ac-wci18i7-shard-00-02.wb3bzdp.mongodb.net:27017 to client view of cluster
19:37:04.942 [cluster-ClusterId{value='6a0dc008c09df507fd36f574', description='null'}-srv-cluster0.wb3bzdp.mongodb.net] INFO  org.mongodb.driver.cluster - Adding discovered server ac-wci18i7-shard-00-00.wb3bzdp.mongodb.net:27017 to client view of cluster
19:37:04.944 [cluster-ClusterId{value='6a0dc008c09df507fd36f574', description='null'}-srv-cluster0.wb3bzdp.mongodb.net] INFO  org.mongodb.driver.cluster - Adding discovered server ac-wci18i7-shard-00-01.wb3bzdp.mongodb.net:27017 to client view of cluster
19:37:05.209 [main] INFO  org.mongodb.driver.cluster - No server chosen by com.mongodb.client.internal.MongoClientDelegate$1@4d0cc83e from cluster description ClusterDescription{type=REPLICA_SET, connectionMode=MULTIPLE, serverDescriptions=[ServerDescription{address=ac-wci18i7-shard-00-01.wb3bzdp.mongodb.net:27017, type=UNKNOWN, state=CONNECTING}, ServerDescription{address=ac-wci18i7-shard-00-00.wb3bzdp.mongodb.net:27017, type=UNKNOWN, state=CONNECTING}, ServerDescription{address=ac-wci18i7-shard-00-02.wb3bzdp.mongodb.net:27017, type=UNKNOWN, state=CONNECTING}]}. Waiting for 30000 ms before timing out
19:37:09.074 [cluster-rtt-ClusterId{value='6a0dc008c09df507fd36f574', description='null'}-ac-wci18i7-shard-00-02.wb3bzdp.mongodb.net:27017] INFO  org.mongodb.driver.connection - Opened connection [connectionId{localValue:3, serverValue:702241}] to ac-wci18i7-shard-00-02.wb3bzdp.mongodb.net:27017
19:37:09.075 [cluster-ClusterId{value='6a0dc008c09df507fd36f574', description='null'}-ac-wci18i7-shard-00-02.wb3bzdp.mongodb.net:27017] INFO  org.mongodb.driver.connection - Opened connection [connectionId{localValue:1, serverValue:702324}] to ac-wci18i7-shard-00-02.wb3bzdp.mongodb.net:27017
19:37:09.074 [cluster-ClusterId{value='6a0dc008c09df507fd36f574', description='null'}-ac-wci18i7-shard-00-01.wb3bzdp.mongodb.net:27017] INFO  org.mongodb.driver.connection - Opened connection [connectionId{localValue:5, serverValue:619158}] to ac-wci18i7-shard-00-01.wb3bzdp.mongodb.net:27017
19:37:09.074 [cluster-ClusterId{value='6a0dc008c09df507fd36f574', description='null'}-ac-wci18i7-shard-00-00.wb3bzdp.mongodb.net:27017] INFO  org.mongodb.driver.connection - Opened connection [connectionId{localValue:2, serverValue:627886}] to ac-wci18i7-shard-00-00.wb3bzdp.mongodb.net:27017
19:37:09.077 [cluster-rtt-ClusterId{value='6a0dc008c09df507fd36f574', description='null'}-ac-wci18i7-shard-00-00.wb3bzdp.mongodb.net:27017] INFO  org.mongodb.driver.connection - Opened connection [connectionId{localValue:4, serverValue:627873}] to ac-wci18i7-shard-00-00.wb3bzdp.mongodb.net:27017
19:37:09.077 [cluster-rtt-ClusterId{value='6a0dc008c09df507fd36f574', description='null'}-ac-wci18i7-shard-00-01.wb3bzdp.mongodb.net:27017] INFO  org.mongodb.driver.connection - Opened connection [connectionId{localValue:6, serverValue:619157}] to ac-wci18i7-shard-00-01.wb3bzdp.mongodb.net:27017
19:37:09.079 [cluster-ClusterId{value='6a0dc008c09df507fd36f574', description='null'}-ac-wci18i7-shard-00-02.wb3bzdp.mongodb.net:27017] INFO  org.mongodb.driver.cluster - Monitor thread successfully connected to server with description ServerDescription{address=ac-wci18i7-shard-00-02.wb3bzdp.mongodb.net:27017, type=REPLICA_SET_PRIMARY, state=CONNECTED, ok=true, minWireVersion=0, maxWireVersion=25, maxDocumentSize=16777216, logicalSessionTimeoutMinutes=30, roundTripTimeNanos=376315300, setName='atlas-13epz3-shard-0', canonicalAddress=ac-wci18i7-shard-00-02.wb3bzdp.mongodb.net:27017, hosts=[ac-wci18i7-shard-00-00.wb3bzdp.mongodb.net:27017, ac-wci18i7-shard-00-01.wb3bzdp.mongodb.net:27017, ac-wci18i7-shard-00-02.wb3bzdp.mongodb.net:27017], passives=[], arbiters=[], primary='ac-wci18i7-shard-00-02.wb3bzdp.mongodb.net:27017', tagSet=TagSet{[Tag{name='availabilityZone', value='aps1-az2'}, Tag{name='cacheState', value='READY'}, Tag{name='diskState', value='READY'}, Tag{name='nodeType', value='ELECTABLE'}, Tag{name='provider', value='AWS'}, Tag{name='region', value='AP_SOUTH_1'}, Tag{name='workloadType', value='OPERATIONAL'}]}, electionId=7fffffff00000000000000ec, setVersion=227, topologyVersion=TopologyVersion{processId=6a037da77cbc90140d74f637, counter=6}, lastWriteDate=Wed May 20 19:37:26 IST 2026, lastUpdateTimeNanos=124579825843300}
19:37:09.080 [cluster-ClusterId{value='6a0dc008c09df507fd36f574', description='null'}-ac-wci18i7-shard-00-00.wb3bzdp.mongodb.net:27017] INFO  org.mongodb.driver.cluster - Monitor thread successfully connected to server with description ServerDescription{address=ac-wci18i7-shard-00-00.wb3bzdp.mongodb.net:27017, type=REPLICA_SET_SECONDARY, state=CONNECTED, ok=true, minWireVersion=0, maxWireVersion=25, maxDocumentSize=16777216, logicalSessionTimeoutMinutes=30, roundTripTimeNanos=376409700, setName='atlas-13epz3-shard-0', canonicalAddress=ac-wci18i7-shard-00-00.wb3bzdp.mongodb.net:27017, hosts=[ac-wci18i7-shard-00-00.wb3bzdp.mongodb.net:27017, ac-wci18i7-shard-00-01.wb3bzdp.mongodb.net:27017, ac-wci18i7-shard-00-02.wb3bzdp.mongodb.net:27017], passives=[], arbiters=[], primary='ac-wci18i7-shard-00-02.wb3bzdp.mongodb.net:27017', tagSet=TagSet{[Tag{name='availabilityZone', value='aps1-az1'}, Tag{name='cacheState', value='READY'}, Tag{name='diskState', value='READY'}, Tag{name='nodeType', value='ELECTABLE'}, Tag{name='provider', value='AWS'}, Tag{name='region', value='AP_SOUTH_1'}, Tag{name='workloadType', value='OPERATIONAL'}]}, electionId=null, setVersion=227, topologyVersion=TopologyVersion{processId=6a037b196e305a9f4bdc9076, counter=4}, lastWriteDate=Wed May 20 19:37:26 GMT+05:30 2026, lastUpdateTimeNanos=124579825995700}
19:37:09.080 [cluster-ClusterId{value='6a0dc008c09df507fd36f574', description='null'}-ac-wci18i7-shard-00-01.wb3bzdp.mongodb.net:27017] INFO  org.mongodb.driver.cluster - Monitor thread successfully connected to server with description ServerDescription{address=ac-wci18i7-shard-00-01.wb3bzdp.mongodb.net:27017, type=REPLICA_SET_SECONDARY, state=CONNECTED, ok=true, minWireVersion=0, maxWireVersion=25, maxDocumentSize=16777216, logicalSessionTimeoutMinutes=30, roundTripTimeNanos=376323200, setName='atlas-13epz3-shard-0', canonicalAddress=ac-wci18i7-shard-00-01.wb3bzdp.mongodb.net:27017, hosts=[ac-wci18i7-shard-00-00.wb3bzdp.mongodb.net:27017, ac-wci18i7-shard-00-01.wb3bzdp.mongodb.net:27017, ac-wci18i7-shard-00-02.wb3bzdp.mongodb.net:27017], passives=[], arbiters=[], primary='ac-wci18i7-shard-00-02.wb3bzdp.mongodb.net:27017', tagSet=TagSet{[Tag{name='availabilityZone', value='aps1-az3'}, Tag{name='cacheState', value='READY'}, Tag{name='diskState', value='READY'}, Tag{name='nodeType', value='ELECTABLE'}, Tag{name='provider', value='AWS'}, Tag{name='region', value='AP_SOUTH_1'}, Tag{name='workloadType', value='OPERATIONAL'}]}, electionId=null, setVersion=227, topologyVersion=TopologyVersion{processId=6a03804cbde49176c4f412e5, counter=3}, lastWriteDate=Wed May 20 19:37:26 GMT+05:30 2026, lastUpdateTimeNanos=124579825942300}
19:37:09.083 [cluster-ClusterId{value='6a0dc008c09df507fd36f574', description='null'}-ac-wci18i7-shard-00-02.wb3bzdp.mongodb.net:27017] INFO  org.mongodb.driver.cluster - Setting max election id to 7fffffff00000000000000ec from replica set primary ac-wci18i7-shard-00-02.wb3bzdp.mongodb.net:27017
19:37:09.084 [cluster-ClusterId{value='6a0dc008c09df507fd36f574', description='null'}-ac-wci18i7-shard-00-02.wb3bzdp.mongodb.net:27017] INFO  org.mongodb.driver.cluster - Setting max set version to 227 from replica set primary ac-wci18i7-shard-00-02.wb3bzdp.mongodb.net:27017
19:37:09.084 [cluster-ClusterId{value='6a0dc008c09df507fd36f574', description='null'}-ac-wci18i7-shard-00-02.wb3bzdp.mongodb.net:27017] INFO  org.mongodb.driver.cluster - Discovered replica set primary ac-wci18i7-shard-00-02.wb3bzdp.mongodb.net:27017
19:37:09.617 [main] INFO  org.mongodb.driver.connection - Opened connection [connectionId{localValue:7, serverValue:702240}] to ac-wci18i7-shard-00-02.wb3bzdp.mongodb.net:27017
19:37:10.107 [main] INFO  o.s.s.web.DefaultSecurityFilterChain - Will secure any request with [org.springframework.security.web.session.DisableEncodeUrlFilter@7c4b5ceb, org.springframework.security.web.context.request.async.WebAsyncManagerIntegrationFilter@6c07add6, org.springframework.security.web.context.SecurityContextPersistenceFilter@3030836d, org.springframework.security.web.header.HeaderWriterFilter@3a9b41a0, org.springframework.security.web.authentication.logout.LogoutFilter@207dd1b7, org.springframework.security.web.authentication.www.BasicAuthenticationFilter@13ef7fa1, org.springframework.security.web.savedrequest.RequestCacheAwareFilter@6ed18d80, org.springframework.security.web.servletapi.SecurityContextHolderAwareRequestFilter@27c53c32, org.springframework.security.web.authentication.AnonymousAuthenticationFilter@e26a3df, org.springframework.security.web.session.SessionManagementFilter@1ec88aa1, org.springframework.security.web.access.ExceptionTranslationFilter@5ed0b4e3, org.springframework.security.web.access.intercept.FilterSecurityInterceptor@54895681]
19:37:10.469 [main] INFO  o.a.coyote.http11.Http11NioProtocol - Starting ProtocolHandler ["http-nio-8080"]
19:37:10.495 [main] INFO  o.s.b.w.e.tomcat.TomcatWebServer - Tomcat started on port(s): 8080 (http) with context path '/journal'
19:37:10.505 [main] INFO  n.e.journalApp.JournalApplication - Started JournalApplication in 8.373 seconds (JVM running for 8.91)
19:41:23.094 [http-nio-8080-exec-1] INFO  o.a.c.c.C.[.[localhost].[/journal] - Initializing Spring DispatcherServlet 'dispatcherServlet'
19:41:23.098 [http-nio-8080-exec-1] INFO  o.s.web.servlet.DispatcherServlet - Initializing Servlet 'dispatcherServlet'
19:41:23.118 [http-nio-8080-exec-1] INFO  o.s.web.servlet.DispatcherServlet - Completed initialization in 19 ms
19:41:25.112 [http-nio-8080-exec-1] INFO  n.e.journalApp.service.UserService - hahahahahaha
19:41:25.148 [http-nio-8080-exec-1] ERROR n.e.journalApp.service.UserService - error occure for shyam :
org.springframework.dao.DuplicateKeyException: Write operation error on server ac-wci18i7-shard-00-02.wb3bzdp.mongodb.net:27017. Write error: WriteError{code=11000, message='E11000 duplicate key error collection: pratik.users index: userName dup key: { userName: "shyam" }', details={}}.; nested exception is com.mongodb.MongoWriteException: Write operation error on server ac-wci18i7-shard-00-02.wb3bzdp.mongodb.net:27017. Write error: WriteError{code=11000, message='E11000 duplicate key error collection: pratik.users index: userName dup key: { userName: "shyam" }', details={}}.
	at org.springframework.data.mongodb.core.MongoExceptionTranslator.translateExceptionIfPossible(MongoExceptionTranslator.java:106)
	at org.springframework.data.mongodb.core.MongoTemplate.potentiallyConvertRuntimeException(MongoTemplate.java:3029)
	at org.springframework.data.mongodb.core.MongoTemplate.execute(MongoTemplate.java:581)
	at org.springframework.data.mongodb.core.MongoTemplate.insertDocument(MongoTemplate.java:1530)
	at org.springframework.data.mongodb.core.MongoTemplate.doInsert(MongoTemplate.java:1326)
	at org.springframework.data.mongodb.core.MongoTemplate.insert(MongoTemplate.java:1241)
	at org.springframework.data.mongodb.repository.support.SimpleMongoRepository.save(SimpleMongoRepository.java:95)
	at java.base/jdk.internal.reflect.NativeMethodAccessorImpl.invoke0(Native Method)
	at java.base/jdk.internal.reflect.NativeMethodAccessorImpl.invoke(NativeMethodAccessorImpl.java:77)
	at java.base/jdk.internal.reflect.DelegatingMethodAccessorImpl.invoke(DelegatingMethodAccessorImpl.java:43)
	at java.base/java.lang.reflect.Method.invoke(Method.java:569)
	at org.springframework.data.repository.core.support.RepositoryMethodInvoker$RepositoryFragmentMethodInvoker.lambda$new$0(RepositoryMethodInvoker.java:289)
	at org.springframework.data.repository.core.support.RepositoryMethodInvoker.doInvoke(RepositoryMethodInvoker.java:137)
	at org.springframework.data.repository.core.support.RepositoryMethodInvoker.invoke(RepositoryMethodInvoker.java:121)
	at org.springframework.data.repository.core.support.RepositoryComposition$RepositoryFragments.invoke(RepositoryComposition.java:530)
	at org.springframework.data.repository.core.support.RepositoryComposition.invoke(RepositoryComposition.java:286)
	at org.springframework.data.repository.core.support.RepositoryFactorySupport$ImplementationMethodExecutionInterceptor.invoke(RepositoryFactorySupport.java:640)
	at org.springframework.aop.framework.ReflectiveMethodInvocation.proceed(ReflectiveMethodInvocation.java:186)
	at org.springframework.data.repository.core.support.QueryExecutorMethodInterceptor.doInvoke(QueryExecutorMethodInterceptor.java:164)
	at org.springframework.data.repository.core.support.QueryExecutorMethodInterceptor.invoke(QueryExecutorMethodInterceptor.java:139)
	at org.springframework.aop.framework.ReflectiveMethodInvocation.proceed(ReflectiveMethodInvocation.java:186)
	at org.springframework.data.projection.DefaultMethodInvokingMethodInterceptor.invoke(DefaultMethodInvokingMethodInterceptor.java:76)
	at org.springframework.aop.framework.ReflectiveMethodInvocation.proceed(ReflectiveMethodInvocation.java:186)
	at org.springframework.aop.interceptor.ExposeInvocationInterceptor.invoke(ExposeInvocationInterceptor.java:97)
	at org.springframework.aop.framework.ReflectiveMethodInvocation.proceed(ReflectiveMethodInvocation.java:186)
	at org.springframework.aop.framework.JdkDynamicAopProxy.invoke(JdkDynamicAopProxy.java:241)
	at jdk.proxy2/jdk.proxy2.$Proxy73.save(Unknown Source)
	at net.engineeringdigest.journalApp.service.UserService.saveNewUser(UserService.java:29)
	at net.engineeringdigest.journalApp.controller.PublicController.createUser(PublicController.java:20)
	at java.base/jdk.internal.reflect.NativeMethodAccessorImpl.invoke0(Native Method)
	at java.base/jdk.internal.reflect.NativeMethodAccessorImpl.invoke(NativeMethodAccessorImpl.java:77)
	at java.base/jdk.internal.reflect.DelegatingMethodAccessorImpl.invoke(DelegatingMethodAccessorImpl.java:43)
	at java.base/java.lang.reflect.Method.invoke(Method.java:569)
	at org.springframework.web.method.support.InvocableHandlerMethod.doInvoke(InvocableHandlerMethod.java:205)
	at org.springframework.web.method.support.InvocableHandlerMethod.invokeForRequest(InvocableHandlerMethod.java:150)
	at org.springframework.web.servlet.mvc.method.annotation.ServletInvocableHandlerMethod.invokeAndHandle(ServletInvocableHandlerMethod.java:117)
	at org.springframework.web.servlet.mvc.method.annotation.RequestMappingHandlerAdapter.invokeHandlerMethod(RequestMappingHandlerAdapter.java:895)
	at org.springframework.web.servlet.mvc.method.annotation.RequestMappingHandlerAdapter.handleInternal(RequestMappingHandlerAdapter.java:808)
	at org.springframework.web.servlet.mvc.method.AbstractHandlerMethodAdapter.handle(AbstractHandlerMethodAdapter.java:87)
	at org.springframework.web.servlet.DispatcherServlet.doDispatch(DispatcherServlet.java:1072)
	at org.springframework.web.servlet.DispatcherServlet.doService(DispatcherServlet.java:965)
	at org.springframework.web.servlet.FrameworkServlet.processRequest(FrameworkServlet.java:1006)
	at org.springframework.web.servlet.FrameworkServlet.doPost(FrameworkServlet.java:909)
	at javax.servlet.http.HttpServlet.service(HttpServlet.java:555)
	at org.springframework.web.servlet.FrameworkServlet.service(FrameworkServlet.java:883)
	at javax.servlet.http.HttpServlet.service(HttpServlet.java:623)
	at org.apache.catalina.core.ApplicationFilterChain.internalDoFilter(ApplicationFilterChain.java:209)
	at org.apache.catalina.core.ApplicationFilterChain.doFilter(ApplicationFilterChain.java:153)
	at org.apache.tomcat.websocket.server.WsFilter.doFilter(WsFilter.java:51)
	at org.apache.catalina.core.ApplicationFilterChain.internalDoFilter(ApplicationFilterChain.java:178)
	at org.apache.catalina.core.ApplicationFilterChain.doFilter(ApplicationFilterChain.java:153)
	at org.springframework.security.web.FilterChainProxy$VirtualFilterChain.doFilter(FilterChainProxy.java:337)
	at org.springframework.security.web.access.intercept.FilterSecurityInterceptor.invoke(FilterSecurityInterceptor.java:115)
	at org.springframework.security.web.access.intercept.FilterSecurityInterceptor.doFilter(FilterSecurityInterceptor.java:81)
	at org.springframework.security.web.FilterChainProxy$VirtualFilterChain.doFilter(FilterChainProxy.java:346)
	at org.springframework.security.web.access.ExceptionTranslationFilter.doFilter(ExceptionTranslationFilter.java:122)
	at org.springframework.security.web.access.ExceptionTranslationFilter.doFilter(ExceptionTranslationFilter.java:116)
	at org.springframework.security.web.FilterChainProxy$VirtualFilterChain.doFilter(FilterChainProxy.java:346)
	at org.springframework.security.web.session.SessionManagementFilter.doFilter(SessionManagementFilter.java:126)
	at org.springframework.security.web.session.SessionManagementFilter.doFilter(SessionManagementFilter.java:81)
	at org.springframework.security.web.FilterChainProxy$VirtualFilterChain.doFilter(FilterChainProxy.java:346)
	at org.springframework.security.web.authentication.AnonymousAuthenticationFilter.doFilter(AnonymousAuthenticationFilter.java:109)
	at org.springframework.security.web.FilterChainProxy$VirtualFilterChain.doFilter(FilterChainProxy.java:346)
	at org.springframework.security.web.servletapi.SecurityContextHolderAwareRequestFilter.doFilter(SecurityContextHolderAwareRequestFilter.java:149)
	at org.springframework.security.web.FilterChainProxy$VirtualFilterChain.doFilter(FilterChainProxy.java:346)
	at org.springframework.security.web.savedrequest.RequestCacheAwareFilter.doFilter(RequestCacheAwareFilter.java:63)
	at org.springframework.security.web.FilterChainProxy$VirtualFilterChain.doFilter(FilterChainProxy.java:346)
	at org.springframework.security.web.authentication.www.BasicAuthenticationFilter.doFilterInternal(BasicAuthenticationFilter.java:196)
	at org.springframework.web.filter.OncePerRequestFilter.doFilter(OncePerRequestFilter.java:117)
	at org.springframework.security.web.FilterChainProxy$VirtualFilterChain.doFilter(FilterChainProxy.java:346)
	at org.springframework.security.web.authentication.logout.LogoutFilter.doFilter(LogoutFilter.java:103)
	at org.springframework.security.web.authentication.logout.LogoutFilter.doFilter(LogoutFilter.java:89)
	at org.springframework.security.web.FilterChainProxy$VirtualFilterChain.doFilter(FilterChainProxy.java:346)
	at org.springframework.security.web.header.HeaderWriterFilter.doHeadersAfter(HeaderWriterFilter.java:90)
	at org.springframework.security.web.header.HeaderWriterFilter.doFilterInternal(HeaderWriterFilter.java:75)
	at org.springframework.web.filter.OncePerRequestFilter.doFilter(OncePerRequestFilter.java:117)
	at org.springframework.security.web.FilterChainProxy$VirtualFilterChain.doFilter(FilterChainProxy.java:346)
	at org.springframework.security.web.context.SecurityContextPersistenceFilter.doFilter(SecurityContextPersistenceFilter.java:112)
	at org.springframework.security.web.context.SecurityContextPersistenceFilter.doFilter(SecurityContextPersistenceFilter.java:82)
	at org.springframework.security.web.FilterChainProxy$VirtualFilterChain.doFilter(FilterChainProxy.java:346)
	at org.springframework.security.web.context.request.async.WebAsyncManagerIntegrationFilter.doFilterInternal(WebAsyncManagerIntegrationFilter.java:55)
	at org.springframework.web.filter.OncePerRequestFilter.doFilter(OncePerRequestFilter.java:117)
	at org.springframework.security.web.FilterChainProxy$VirtualFilterChain.doFilter(FilterChainProxy.java:346)
	at org.springframework.security.web.session.DisableEncodeUrlFilter.doFilterInternal(DisableEncodeUrlFilter.java:42)
	at org.springframework.web.filter.OncePerRequestFilter.doFilter(OncePerRequestFilter.java:117)
	at org.springframework.security.web.FilterChainProxy$VirtualFilterChain.doFilter(FilterChainProxy.java:346)
	at org.springframework.security.web.FilterChainProxy.doFilterInternal(FilterChainProxy.java:221)
	at org.springframework.security.web.FilterChainProxy.doFilter(FilterChainProxy.java:186)
	at org.springframework.web.filter.DelegatingFilterProxy.invokeDelegate(DelegatingFilterProxy.java:354)
	at org.springframework.web.filter.DelegatingFilterProxy.doFilter(DelegatingFilterProxy.java:267)
	at org.apache.catalina.core.ApplicationFilterChain.internalDoFilter(ApplicationFilterChain.java:178)
	at org.apache.catalina.core.ApplicationFilterChain.doFilter(ApplicationFilterChain.java:153)
	at org.springframework.web.filter.RequestContextFilter.doFilterInternal(RequestContextFilter.java:100)
	at org.springframework.web.filter.OncePerRequestFilter.doFilter(OncePerRequestFilter.java:117)
	at org.apache.catalina.core.ApplicationFilterChain.internalDoFilter(ApplicationFilterChain.java:178)
	at org.apache.catalina.core.ApplicationFilterChain.doFilter(ApplicationFilterChain.java:153)
	at org.springframework.web.filter.FormContentFilter.doFilterInternal(FormContentFilter.java:93)
	at org.springframework.web.filter.OncePerRequestFilter.doFilter(OncePerRequestFilter.java:117)
	at org.apache.catalina.core.ApplicationFilterChain.internalDoFilter(ApplicationFilterChain.java:178)
	at org.apache.catalina.core.ApplicationFilterChain.doFilter(ApplicationFilterChain.java:153)
	at org.springframework.web.filter.CharacterEncodingFilter.doFilterInternal(CharacterEncodingFilter.java:201)
	at org.springframework.web.filter.OncePerRequestFilter.doFilter(OncePerRequestFilter.java:117)
	at org.apache.catalina.core.ApplicationFilterChain.internalDoFilter(ApplicationFilterChain.java:178)
	at org.apache.catalina.core.ApplicationFilterChain.doFilter(ApplicationFilterChain.java:153)
	at org.apache.catalina.core.StandardWrapperValve.invoke(StandardWrapperValve.java:168)
	at org.apache.catalina.core.StandardContextValve.invoke(StandardContextValve.java:90)
	at org.apache.catalina.authenticator.AuthenticatorBase.invoke(AuthenticatorBase.java:481)
	at org.apache.catalina.core.StandardHostValve.invoke(StandardHostValve.java:130)
	at org.apache.catalina.valves.ErrorReportValve.invoke(ErrorReportValve.java:93)
	at org.apache.catalina.core.StandardEngineValve.invoke(StandardEngineValve.java:74)
	at org.apache.catalina.connector.CoyoteAdapter.service(CoyoteAdapter.java:343)
	at org.apache.coyote.http11.Http11Processor.service(Http11Processor.java:390)
	at org.apache.coyote.AbstractProcessorLight.process(AbstractProcessorLight.java:63)
	at org.apache.coyote.AbstractProtocol$ConnectionHandler.process(AbstractProtocol.java:926)
	at org.apache.tomcat.util.net.NioEndpoint$SocketProcessor.doRun(NioEndpoint.java:1790)
	at org.apache.tomcat.util.net.SocketProcessorBase.run(SocketProcessorBase.java:52)
	at org.apache.tomcat.util.threads.ThreadPoolExecutor.runWorker(ThreadPoolExecutor.java:1191)
	at org.apache.tomcat.util.threads.ThreadPoolExecutor$Worker.run(ThreadPoolExecutor.java:659)
	at org.apache.tomcat.util.threads.TaskThread$WrappingRunnable.run(TaskThread.java:61)
	at java.base/java.lang.Thread.run(Thread.java:840)
Caused by: com.mongodb.MongoWriteException: Write operation error on server ac-wci18i7-shard-00-02.wb3bzdp.mongodb.net:27017. Write error: WriteError{code=11000, message='E11000 duplicate key error collection: pratik.users index: userName dup key: { userName: "shyam" }', details={}}.
	at com.mongodb.client.internal.MongoCollectionImpl.executeSingleWriteRequest(MongoCollectionImpl.java:1018)
	at com.mongodb.client.internal.MongoCollectionImpl.executeInsertOne(MongoCollectionImpl.java:471)
	at com.mongodb.client.internal.MongoCollectionImpl.insertOne(MongoCollectionImpl.java:454)
	at com.mongodb.client.internal.MongoCollectionImpl.insertOne(MongoCollectionImpl.java:448)
	at org.springframework.data.mongodb.core.MongoTemplate.lambda$insertDocument$15(MongoTemplate.java:1536)
	at org.springframework.data.mongodb.core.MongoTemplate.execute(MongoTemplate.java:579)
	... 117 common frames omitted
19:41:25.156 [http-nio-8080-exec-1] WARN  n.e.journalApp.service.UserService - hahahahahaha
19:41:25.157 [http-nio-8080-exec-1] DEBUG n.e.journalApp.service.UserService - hahahahahaha
